Microchip MPLAB XC8 Compiler V2.36

Linker command line:

-W-3 --edf=C:\Program Files\Microchip\xc8\v2.36\pic\dat\en_msgs.txt -cn \
  -h+dist/default/production\Motor_controller_board.production.sym \
  --cmf=dist/default/production\Motor_controller_board.production.cmf -z \
  -Q18F46K22 -oC:\Users\eder0\AppData\Local\Temp\xcAsfvc.4 \
  --defsym=__MPLAB_BUILD=1 \
  -Mdist/default/production/Motor_controller_board.production.map \
  --md=C:\Users\eder0\AppData\Local\Temp\xcAsfvc.dat -E1 -ver=XC8 Compiler \
  --acfsm=1493 -ACODE=00h-0FFFFh -ACONST=00h-0FFFFh \
  -ASMALLCONST=01000h-010FFhx240 -AMEDIUMCONST=01000h-0FFFFh \
  -ACOMRAM=01h-05Fh -AABS1=00h-0F37h -ABIGRAM=01h-0F37h \
  -ARAM=060h-0FFh,0100h-01FFhx14,0F00h-0F37h -ABANK0=060h-0FFh \
  -ABANK1=0100h-01FFh -ABANK2=0200h-02FFh -ABANK3=0300h-03FFh \
  -ABANK4=0400h-04FFh -ABANK5=0500h-05FFh -ABANK6=0600h-06FFh \
  -ABANK7=0700h-07FFh -ABANK8=0800h-08FFh -ABANK9=0900h-09FFh \
  -ABANK10=0A00h-0AFFh -ABANK11=0B00h-0BFFh -ABANK12=0C00h-0CFFh \
  -ABANK13=0D00h-0DFFh -ABANK14=0E00h-0EFFh -ABANK15=0F00h-0F37h \
  -ASFR=0F38h-0F5Fh,0F60h-0FFFh -ABIGSFR=0F38h-0FFFh \
  -ACONFIG=0300000h-030000Dh -AIDLOC=0200000h-0200007h \
  -AEEDATA=0F00000h-0F003FFh -peeprom_data=EEDATA \
  -preset_vec=00h,intcode=08h,intcodelo,powerup,init -pramtop=01000h \
  -psmallconst=SMALLCONST -pmediumconst=MEDIUMCONST -pconst=CONST \
  -AFARRAM=00h-00h \
  -prdata=COMRAM,nvrram=COMRAM,nvbit=COMRAM,rbss=COMRAM,rbit=COMRAM \
  -pfarbss=FARRAM,fardata=FARRAM,nvFARRAM=FARRAM \
  -pintsave_regs=BIGRAM,bigbss=BIGRAM,bigdata=BIGRAM -pbss=RAM \
  -pidata=CODE,irdata=CODE,ibigdata=CODE,ifardata=CODE -prparam=COMRAM \
  C:\Users\eder0\AppData\Local\Temp\xcAsfvc.o \
  dist/default/production\Motor_controller_board.production.o 

Object code version is 3.11

Machine type is 18F46K22



                Name                               Link     Load   Length Selector   Space Scale
C:\Users\eder0\AppData\Local\Temp\xcAsfvc.o
                idloc                            200000   200000        8        0       5
                config                           300000   300000        E        0       4
                init                                 30       30        4        4       0
                reset_vec                             0        0        4        0       0
dist/default/production\Motor_controller_board.production.o
                intcode                               8        8       28        4       0
                idloc                            200000   200000        8        0       5
                config                           300000   300000        E        0       4
                temp                                  C        C        1        1       1
                text19                              C46      C46       88        4       0
                text18                              250      250      1F2        4       0
                text17                              D86      D86       40        4       0
                text16                              DFE      DFE       2E        4       0
                text15                              EEC      EEC       16        4       0
                text14                              DC6      DC6       38        4       0
                text13                              D2A      D2A       5C        4       0
                text12                              CCE      CCE       5C        4       0
                text11                               34       34      21C        4       0
                text10                              EC8      EC8       24        4       0
                text9                               E56      E56       2A        4       0
                text8                               EA4      EA4       24        4       0
                text7                               E2C      E2C       2A        4       0
                text6                               970      970      1BA        4       0
                text5                               7B6      7B6      1BA        4       0
                text4                               5FC      5FC      1BA        4       0
                text3                               442      442      1BA        4       0
                text2                               F0E      F0E        8        4       0
                text1                               E80      E80       24        4       0
                text0                               B2A      B2A      11C        4       0
                cstackCOMRAM                          1        1        A        1       1
                bssCOMRAM                             B        B        1        1       1
                cinit                               F02      F02        C        4       0

TOTAL           Name                               Link     Load   Length     Space
        CLASS   CODE           
                intcode                               8        8       28         0
                init                                 30       30        4         0
                reset_vec                             0        0        4         0
                text19                              C46      C46       88         0
                text18                              250      250      1F2         0
                text17                              D86      D86       40         0
                text16                              DFE      DFE       2E         0
                text15                              EEC      EEC       16         0
                text14                              DC6      DC6       38         0
                text13                              D2A      D2A       5C         0
                text12                              CCE      CCE       5C         0
                text11                               34       34      21C         0
                text10                              EC8      EC8       24         0
                text9                               E56      E56       2A         0
                text8                               EA4      EA4       24         0
                text7                               E2C      E2C       2A         0
                text6                               970      970      1BA         0
                text5                               7B6      7B6      1BA         0
                text4                               5FC      5FC      1BA         0
                text3                               442      442      1BA         0
                text2                               F0E      F0E        8         0
                text1                               E80      E80       24         0
                text0                               B2A      B2A      11C         0
                cinit                               F02      F02        C         0

        CLASS   CONST          

        CLASS   SMALLCONST     

        CLASS   MEDIUMCONST    

        CLASS   COMRAM         
                temp                                  C        C        1         1
                cstackCOMRAM                          1        1        A         1
                bssCOMRAM                             B        B        1         1

        CLASS   ABS1           

        CLASS   BIGRAM         

        CLASS   RAM            

        CLASS   BANK0          

        CLASS   BANK1          

        CLASS   BANK2          

        CLASS   BANK3          

        CLASS   BANK4          

        CLASS   BANK5          

        CLASS   BANK6          

        CLASS   BANK7          

        CLASS   BANK8          

        CLASS   BANK9          

        CLASS   BANK10         

        CLASS   BANK11         

        CLASS   BANK12         

        CLASS   BANK13         

        CLASS   BANK14         

        CLASS   BANK15         

        CLASS   SFR            

        CLASS   BIGSFR         

        CLASS   CONFIG         
                config                           300000   300000        E         4

        CLASS   IDLOC          
                idloc                            200000   200000        8         5

        CLASS   EEDATA         

        CLASS   FARRAM         

        CLASS   HEAP           

        CLASS   STACK          



SEGMENTS        Name                           Load    Length   Top    Selector   Space  Class

                reset_vec                      000000  000004  000004         0       0  CODE    
                cstackCOMRAM                   000001  00000C  00000D         1       1  COMRAM  
                intcode                        000008  000F0E  000F16         4       0  CODE    


UNUSED ADDRESS RANGES

        Name                Unused          Largest block    Delta
        BANK0            000060-0000FF               A0
        BANK1            000100-0001FF              100
        BANK10           000A00-000AFF              100
        BANK11           000B00-000BFF              100
        BANK12           000C00-000CFF              100
        BANK13           000D00-000DFF              100
        BANK14           000E00-000EFF              100
        BANK15           000F00-000F37               38
        BANK2            000200-0002FF              100
        BANK3            000300-0003FF              100
        BANK4            000400-0004FF              100
        BANK5            000500-0005FF              100
        BANK6            000600-0006FF              100
        BANK7            000700-0007FF              100
        BANK8            000800-0008FF              100
        BANK9            000900-0009FF              100
        BIGRAM           00000D-000F37              F2B
        BIGSFR           000F38-000FFF               C8
        CODE             000004-000007                4
                         000F16-00FFFF             F0EA
        COMRAM           00000D-00005F               53
        CONST            000004-000007                4
                         000F16-00FFFF             F0EA
        EEDATA           F00000-F003FF              400
        MEDIUMCONST      001000-00FFFF             F000
        RAM              000060-000F37              100
        SFR              000F38-000FFF               28
        SMALLCONST       001000-00FFFF              100

                                  Symbol Table

DATABUS@byte0            cstackCOMRAM 000001
DATABUS@dir1             cstackCOMRAM 000004
DATABUS@x                cstackCOMRAM 000005
DATABUS_DIR@dir          cstackCOMRAM 000001
LM629_init@x             cstackCOMRAM 000009
_ADCON0                  (abs)        000FC2
_ADCON1                  (abs)        000FC1
_ANSELA                  (abs)        000F38
_ANSELB                  (abs)        000F39
_ANSELC                  (abs)        000F3A
_ANSELD                  (abs)        000F3B
_ANSELE                  (abs)        000F3C
_CM1CON0                 (abs)        000F79
_CM2CON0                 (abs)        000F78
_CTMUCONH                (abs)        000F45
_DATABUS                 text18       000250
_DATABUS_DIR             text17       000D86
_GIE                     (abs)        007F97
_HLVDCON                 (abs)        000F9C
_INTCON                  (abs)        000FF2
_IPEN                    (abs)        007E87
_LM629_init              text11       000034
_PEIE                    (abs)        007F96
_PIE1bits                (abs)        000F9D
_PIR1bits                (abs)        000F9E
_PORTAbits               (abs)        000F80
_PORTB                   (abs)        000F81
_PORTBbits               (abs)        000F81
_PORTCbits               (abs)        000F82
_PORTDbits               (abs)        000F83
_SPI                     intcode      000008
_SRCON0                  (abs)        000F47
_SSP1BUF                 (abs)        000FC9
_SSP1CON1                (abs)        000FC6
_SSP1CON3                (abs)        000FCB
_SSP1IE                  (abs)        007CEB
_SSP1IF                  (abs)        007CF3
_SSP2CON1                (abs)        000F6C
_SSPCON1                 (abs)        000FC6
_SSPSTAT                 (abs)        000FC7
_TRISA                   (abs)        000F92
_TRISAbits               (abs)        000F92
_TRISB                   (abs)        000F93
_TRISC                   (abs)        000F94
_TRISCbits               (abs)        000F94
_TRISD                   (abs)        000F95
_VREFCON0                (abs)        000F42
_VREFCON1                (abs)        000F41
__HRAM                   (abs)        000000
__Habs1                  abs1         000000
__Hbank0                 bank0        000000
__Hbank1                 bank1        000000
__Hbank10                bank10       000000
__Hbank11                bank11       000000
__Hbank12                bank12       000000
__Hbank13                bank13       000000
__Hbank14                bank14       000000
__Hbank15                bank15       000000
__Hbank2                 bank2        000000
__Hbank3                 bank3        000000
__Hbank4                 bank4        000000
__Hbank5                 bank5        000000
__Hbank6                 bank6        000000
__Hbank7                 bank7        000000
__Hbank8                 bank8        000000
__Hbank9                 bank9        000000
__Hbigbss                bigbss       000000
__Hbigdata               bigdata      000000
__Hbigram                bigram       000000
__Hbigsfr                bigsfr       000000
__Hbss                   bss          000000
__HbssCOMRAM             bssCOMRAM    000000
__Hcinit                 cinit        000000
__Hclrtext               clrtext      000000
__Hcomram                comram       000000
__Hconfig                config       30000E
__Hconst                 const        000000
__HcstackCOMRAM          cstackCOMRAM 000000
__Hdata                  data         000000
__Heeprom_data           eeprom_data  000000
__Hfarbss                farbss       000000
__Hfardata               fardata      000000
__Hheap                  heap         000000
__Hibigdata              ibigdata     000000
__Hidata                 idata        000000
__Hidloc                 idloc        200008
__Hifardata              ifardata     000000
__Hinit                  init         000034
__Hintcode               intcode      000030
__Hintcode_body          intcode_body 000000
__Hintcodelo             intcodelo    000030
__Hintentry              intentry     000000
__Hintret                intret       000000
__Hintsave_regs          intsave_regs 000000
__Hirdata                irdata       000000
__Hmediumconst           mediumconst  000000
__HnvFARRAM              nvFARRAM     000000
__Hnvbit                 nvbit        000000
__Hnvrram                nvrram       000000
__Hparam                 rparam       000000
__Hpowerup               powerup      000030
__Hram                   ram          000000
__Hramtop                ramtop       001000
__Hrbit                  rbit         000000
__Hrbss                  rbss         000000
__Hrdata                 rdata        000000
__Hreset_vec             reset_vec    000004
__Hrparam                rparam       000000
__Hsfr                   sfr          000000
__Hsmallconst            smallconst   000000
__Hspace_0               (abs)        001000
__Hspace_1               (abs)        00000D
__Hspace_2               (abs)        000000
__Hspace_4               (abs)        60000E
__Hstack                 stack        000000
__Hstruct                struct       000000
__Htemp                  temp         00000D
__Htext                  text         000000
__Htext0                 text0        000000
__Htext1                 text1        000000
__Htext10                text10       000000
__Htext11                text11       000000
__Htext12                text12       000000
__Htext13                text13       000000
__Htext14                text14       000000
__Htext15                text15       000000
__Htext16                text16       000000
__Htext17                text17       000000
__Htext18                text18       000000
__Htext19                text19       000000
__Htext2                 text2        000000
__Htext3                 text3        000000
__Htext4                 text4        000000
__Htext5                 text5        000000
__Htext6                 text6        000000
__Htext7                 text7        000000
__Htext8                 text8        000000
__Htext9                 text9        000000
__LRAM                   (abs)        000001
__Labs1                  abs1         000000
__Lbank0                 bank0        000000
__Lbank1                 bank1        000000
__Lbank10                bank10       000000
__Lbank11                bank11       000000
__Lbank12                bank12       000000
__Lbank13                bank13       000000
__Lbank14                bank14       000000
__Lbank15                bank15       000000
__Lbank2                 bank2        000000
__Lbank3                 bank3        000000
__Lbank4                 bank4        000000
__Lbank5                 bank5        000000
__Lbank6                 bank6        000000
__Lbank7                 bank7        000000
__Lbank8                 bank8        000000
__Lbank9                 bank9        000000
__Lbigbss                bigbss       000000
__Lbigdata               bigdata      000000
__Lbigram                bigram       000000
__Lbigsfr                bigsfr       000000
__Lbss                   bss          000000
__LbssCOMRAM             bssCOMRAM    000000
__Lcinit                 cinit        000000
__Lclrtext               clrtext      000000
__Lcomram                comram       000000
__Lconfig                config       000000
__Lconst                 const        000000
__LcstackCOMRAM          cstackCOMRAM 000000
__Ldata                  data         000000
__Leeprom_data           eeprom_data  000000
__Lfarbss                farbss       000000
__Lfardata               fardata      000000
__Lheap                  heap         000000
__Libigdata              ibigdata     000000
__Lidata                 idata        000000
__Lidloc                 idloc        000000
__Lifardata              ifardata     000000
__Linit                  init         000030
__Lintcode               intcode      000008
__Lintcode_body          intcode_body 000000
__Lintcodelo             intcodelo    000030
__Lintentry              intentry     000000
__Lintret                intret       000000
__Lintsave_regs          intsave_regs 000000
__Lirdata                irdata       000000
__Lmediumconst           mediumconst  000000
__LnvFARRAM              nvFARRAM     000000
__Lnvbit                 nvbit        000000
__Lnvrram                nvrram       000000
__Lparam                 rparam       000000
__Lpowerup               powerup      000030
__Lram                   ram          000000
__Lramtop                ramtop       001000
__Lrbit                  rbit         000000
__Lrbss                  rbss         000000
__Lrdata                 rdata        000000
__Lreset_vec             reset_vec    000000
__Lrparam                rparam       000000
__Lsfr                   sfr          000000
__Lsmallconst            smallconst   000000
__Lspace_0               (abs)        000000
__Lspace_1               (abs)        000000
__Lspace_2               (abs)        000000
__Lspace_4               (abs)        000000
__Lstack                 stack        000000
__Lstruct                struct       000000
__Ltemp                  temp         00000C
__Ltext                  text         000000
__Ltext0                 text0        000000
__Ltext1                 text1        000000
__Ltext10                text10       000000
__Ltext11                text11       000000
__Ltext12                text12       000000
__Ltext13                text13       000000
__Ltext14                text14       000000
__Ltext15                text15       000000
__Ltext16                text16       000000
__Ltext17                text17       000000
__Ltext18                text18       000000
__Ltext19                text19       000000
__Ltext2                 text2        000000
__Ltext3                 text3        000000
__Ltext4                 text4        000000
__Ltext5                 text5        000000
__Ltext6                 text6        000000
__Ltext7                 text7        000000
__Ltext8                 text8        000000
__Ltext9                 text9        000000
__S0                     (abs)        000F16
__S1                     (abs)        00000D
__S4                     (abs)        000000
__S5                     (abs)        000000
___heap_hi               (abs)        000000
___heap_lo               (abs)        000000
___inthi_sp              stack        000000
___intlo_sp              stack        000000
___param_bank            (abs)        000000
___rparam_used           (abs)        000001
___sp                    stack        000000
__accesstop              (abs)        000060
__activetblptr           (abs)        000000
__end_of_DATABUS         text18       000442
__end_of_DATABUS_DIR     text17       000DC6
__end_of_LM629_init      text11       000250
__end_of_SPI             intcode      000030
__end_of__initialization cinit        000F04
__end_of_all_break       text9        000E80
__end_of_all_off         text7        000E56
__end_of_check_busy      text15       000F02
__end_of_chip_select     text19       000CCE
__end_of_filter_module   text12       000D2A
__end_of_forward         text6        000B2A
__end_of_left            text5        000970
__end_of_main            text0        000C46
__end_of_motor_break     text10       000EEC
__end_of_motor_off       text8        000EC8
__end_of_read_status     text16       000E2C
__end_of_reverse         text4        0007B6
__end_of_right           text3        0005FC
__end_of_spi_data        text2        000F16
__end_of_spi_slave_init  text1        000EA4
__end_of_write_command   text14       000DFE
__end_of_write_data      text13       000D86
__initialization         cinit        000F02
__mediumconst            mediumconst  000000
__pbssCOMRAM             bssCOMRAM    00000B
__pcinit                 cinit        000F02
__pcstackCOMRAM          cstackCOMRAM 000001
__pintcode               intcode      000008
__ptext0                 text0        000B2A
__ptext1                 text1        000E80
__ptext10                text10       000EC8
__ptext11                text11       000034
__ptext12                text12       000CCE
__ptext13                text13       000D2A
__ptext14                text14       000DC6
__ptext15                text15       000EEC
__ptext16                text16       000DFE
__ptext17                text17       000D86
__ptext18                text18       000250
__ptext19                text19       000C46
__ptext2                 text2        000F0E
__ptext3                 text3        000442
__ptext4                 text4        0005FC
__ptext5                 text5        0007B6
__ptext6                 text6        000970
__ptext7                 text7        000E2C
__ptext8                 text8        000EA4
__ptext9                 text9        000E56
__ramtop                 ramtop       001000
__smallconst             smallconst   000000
_all_break               text9        000E56
_all_off                 text7        000E2C
_check_busy              text15       000EEC
_chip_select             text19       000C46
_filter_module           text12       000CCE
_forward                 text6        000970
_left                    text5        0007B6
_main                    text0        000B2A
_motor_break             text10       000EC8
_motor_off               text8        000EA4
_read_status             text16       000DFE
_reverse                 text4        0005FC
_right                   text3        000442
_spi_data                text2        000F0E
_spi_read_data           bssCOMRAM    00000B
_spi_slave_init          text1        000E80
_write_command           text14       000DC6
_write_data              text13       000D2A
btemp                    temp         00000C
check_busy@x             cstackCOMRAM 000007
chip_select@chip         cstackCOMRAM 000001
end_of_initialization    cinit        000F04
int$flags                temp         00000C
intlevel0                text         000000
intlevel1                text         000000
intlevel2                text         000000
intlevel3                text         000000
isa$std                  (abs)        000001
isa$xinst                (abs)        000000
main@received_data       cstackCOMRAM 00000A
read_status@status       cstackCOMRAM 000006
spi_data@tx_data         cstackCOMRAM 000001
stackhi                  (abs)        000000
stacklo                  (abs)        000000
start                    init         000030
start_initialization     cinit        000F02
ttemp5                   temp         00000D
ttemp6                   temp         000010
ttemp7                   temp         000014
write_command@command    cstackCOMRAM 000006
write_data@byte1         cstackCOMRAM 000007
write_data@byte2         cstackCOMRAM 000006
wtemp8                   temp         00000D


MODULE INFORMATION

Module		Function		Class		Link	Load	Size
./lm629.h
		_DATABUS       		CODE           	0250	0000	498
		_DATABUS_DIR   		CODE           	0D86	0000	64
		_filter_module 		CODE           	0CCE	0000	92
		_write_data    		CODE           	0D2A	0000	92
		_forward       		CODE           	0970	0000	442
		_write_command 		CODE           	0DC6	0000	56
		_all_off       		CODE           	0E2C	0000	42
		_check_busy    		CODE           	0EEC	0000	22
		_left          		CODE           	07B6	0000	442
		_all_break     		CODE           	0E56	0000	42
		_motor_off     		CODE           	0EA4	0000	36
		_right         		CODE           	0442	0000	442
		_reverse       		CODE           	05FC	0000	442
		_LM629_init    		CODE           	0034	0000	540
		_motor_break   		CODE           	0EC8	0000	36
		_chip_select   		CODE           	0C46	0000	136
		_read_status   		CODE           	0DFE	0000	46

./lm629.h estimated size: 3470

./spi.h
		_spi_slave_init		CODE           	0E80	0000	36
		_spi_data      		CODE           	0F0E	0000	8
		_SPI           		CODE           	0008	0000	40

./spi.h estimated size: 84

shared
		__initialization		CODE           	0F02	0000	2

shared estimated size: 2

main.c
		_main          		CODE           	0B2A	0000	284

main.c estimated size: 284

