Microchip MPLAB XC8 Compiler V2.36

Linker command line:

-W-3 --edf=C:\Program Files\Microchip\xc8\v2.36\pic\dat\en_msgs.txt -cn \
  -h+dist/default/production\Motor_controller_board.production.sym \
  --cmf=dist/default/production\Motor_controller_board.production.cmf -z \
  -Q18F46K22 -oC:\Users\eder0\AppData\Local\Temp\xcAs7d4.4 \
  --defsym=__MPLAB_BUILD=1 \
  -Mdist/default/production/Motor_controller_board.production.map \
  --md=C:\Users\eder0\AppData\Local\Temp\xcAs7d4.dat -E1 -ver=XC8 Compiler \
  --acfsm=1493 -ACODE=00h-0FFFFh -ACONST=00h-0FFFFh \
  -ASMALLCONST=01000h-010FFhx240 -AMEDIUMCONST=01000h-0FFFFh \
  -ACOMRAM=01h-05Fh -AABS1=00h-0F37h -ABIGRAM=01h-0F37h \
  -ARAM=060h-0FFh,0100h-01FFhx14,0F00h-0F37h -ABANK0=060h-0FFh \
  -ABANK1=0100h-01FFh -ABANK2=0200h-02FFh -ABANK3=0300h-03FFh \
  -ABANK4=0400h-04FFh -ABANK5=0500h-05FFh -ABANK6=0600h-06FFh \
  -ABANK7=0700h-07FFh -ABANK8=0800h-08FFh -ABANK9=0900h-09FFh \
  -ABANK10=0A00h-0AFFh -ABANK11=0B00h-0BFFh -ABANK12=0C00h-0CFFh \
  -ABANK13=0D00h-0DFFh -ABANK14=0E00h-0EFFh -ABANK15=0F00h-0F37h \
  -ASFR=0F38h-0F5Fh,0F60h-0FFFh -ABIGSFR=0F38h-0FFFh \
  -ACONFIG=0300000h-030000Dh -AIDLOC=0200000h-0200007h \
  -AEEDATA=0F00000h-0F003FFh -peeprom_data=EEDATA \
  -preset_vec=00h,intcode=08h,intcodelo,powerup,init -pramtop=01000h \
  -psmallconst=SMALLCONST -pmediumconst=MEDIUMCONST -pconst=CONST \
  -AFARRAM=00h-00h \
  -prdata=COMRAM,nvrram=COMRAM,nvbit=COMRAM,rbss=COMRAM,rbit=COMRAM \
  -pfarbss=FARRAM,fardata=FARRAM,nvFARRAM=FARRAM \
  -pintsave_regs=BIGRAM,bigbss=BIGRAM,bigdata=BIGRAM -pbss=RAM \
  -pidata=CODE,irdata=CODE,ibigdata=CODE,ifardata=CODE -prparam=COMRAM \
  C:\Users\eder0\AppData\Local\Temp\xcAs7d4.o \
  dist/default/production\Motor_controller_board.production.o 

Object code version is 3.11

Machine type is 18F46K22



                Name                               Link     Load   Length Selector   Space Scale
C:\Users\eder0\AppData\Local\Temp\xcAs7d4.o
                idloc                            200000   200000        8        0       5
                config                           300000   300000        E        0       4
                init                                 26       26        4        4       0
                reset_vec                             0        0        4        0       0
dist/default/production\Motor_controller_board.production.o
                intcode                               8        8       1E        4       0
                idloc                            200000   200000        8        0       5
                config                           300000   300000        E        0       4
                temp                                  F        F        1        1       1
                text23                             1446     1446       88        4       0
                text22                              2E4      2E4      1F0        4       0
                text21                             1586     1586       40        4       0
                text20                             15FE     15FE       36        4       0
                text19                             16FC     16FC       16        4       0
                text18                             15C6     15C6       38        4       0
                text17                             152A     152A       5C        4       0
                text16                             14CE     14CE       5C        4       0
                text15                               2A       2A      2BA        4       0
                text14                             16D8     16D8       24        4       0
                text13                             168A     168A       2A        4       0
                text12                             16B4     16B4       24        4       0
                text11                             1660     1660       2A        4       0
                text10                             10EA     10EA      1BA        4       0
                text9                               F30      F30      1BA        4       0
                text8                               D76      D76      1BA        4       0
                text7                               BBC      BBC      1BA        4       0
                text6                               A02      A02      1BA        4       0
                text5                               848      848      1BA        4       0
                text4                               68E      68E      1BA        4       0
                text3                               4D4      4D4      1BA        4       0
                text2                              171E     171E        8        4       0
                text1                              1634     1634       2C        4       0
                text0                              12A4     12A4      1A2        4       0
                cstackCOMRAM                          1        1        D        1       1
                bssCOMRAM                             E        E        1        1       1
                cinit                              1712     1712        C        4       0

TOTAL           Name                               Link     Load   Length     Space
        CLASS   CODE           
                intcode                               8        8       1E         0
                init                                 26       26        4         0
                reset_vec                             0        0        4         0
                text23                             1446     1446       88         0
                text22                              2E4      2E4      1F0         0
                text21                             1586     1586       40         0
                text20                             15FE     15FE       36         0
                text19                             16FC     16FC       16         0
                text18                             15C6     15C6       38         0
                text17                             152A     152A       5C         0
                text16                             14CE     14CE       5C         0
                text15                               2A       2A      2BA         0
                text14                             16D8     16D8       24         0
                text13                             168A     168A       2A         0
                text12                             16B4     16B4       24         0
                text11                             1660     1660       2A         0
                text10                             10EA     10EA      1BA         0
                text9                               F30      F30      1BA         0
                text8                               D76      D76      1BA         0
                text7                               BBC      BBC      1BA         0
                text6                               A02      A02      1BA         0
                text5                               848      848      1BA         0
                text4                               68E      68E      1BA         0
                text3                               4D4      4D4      1BA         0
                text2                              171E     171E        8         0
                text1                              1634     1634       2C         0
                text0                              12A4     12A4      1A2         0
                cinit                              1712     1712        C         0

        CLASS   CONST          

        CLASS   SMALLCONST     

        CLASS   MEDIUMCONST    

        CLASS   COMRAM         
                temp                                  F        F        1         1
                cstackCOMRAM                          1        1        D         1
                bssCOMRAM                             E        E        1         1

        CLASS   ABS1           

        CLASS   BIGRAM         

        CLASS   RAM            

        CLASS   BANK0          

        CLASS   BANK1          

        CLASS   BANK2          

        CLASS   BANK3          

        CLASS   BANK4          

        CLASS   BANK5          

        CLASS   BANK6          

        CLASS   BANK7          

        CLASS   BANK8          

        CLASS   BANK9          

        CLASS   BANK10         

        CLASS   BANK11         

        CLASS   BANK12         

        CLASS   BANK13         

        CLASS   BANK14         

        CLASS   BANK15         

        CLASS   SFR            

        CLASS   BIGSFR         

        CLASS   CONFIG         
                config                           300000   300000        E         4

        CLASS   IDLOC          
                idloc                            200000   200000        8         5

        CLASS   EEDATA         

        CLASS   FARRAM         

        CLASS   HEAP           

        CLASS   STACK          



SEGMENTS        Name                           Load    Length   Top    Selector   Space  Class

                reset_vec                      000000  000004  000004         0       0  CODE    
                cstackCOMRAM                   000001  00000F  000010         1       1  COMRAM  
                intcode                        000008  00171E  001726         4       0  CODE    


UNUSED ADDRESS RANGES

        Name                Unused          Largest block    Delta
        BANK0            000060-0000FF               A0
        BANK1            000100-0001FF              100
        BANK10           000A00-000AFF              100
        BANK11           000B00-000BFF              100
        BANK12           000C00-000CFF              100
        BANK13           000D00-000DFF              100
        BANK14           000E00-000EFF              100
        BANK15           000F00-000F37               38
        BANK2            000200-0002FF              100
        BANK3            000300-0003FF              100
        BANK4            000400-0004FF              100
        BANK5            000500-0005FF              100
        BANK6            000600-0006FF              100
        BANK7            000700-0007FF              100
        BANK8            000800-0008FF              100
        BANK9            000900-0009FF              100
        BIGRAM           000010-000F37              F28
        BIGSFR           000F38-000FFF               C8
        CODE             000004-000007                4
                         001726-00FFFF             E8DA
        COMRAM           000010-00005F               50
        CONST            000004-000007                4
                         001726-00FFFF             E8DA
        EEDATA           F00000-F003FF              400
        MEDIUMCONST      001726-00FFFF             E8DA
        RAM              000060-000F37              100
        SFR              000F38-000FFF               28
        SMALLCONST       001726-00FFFF              100

                                  Symbol Table

DATABUS@byte0            cstackCOMRAM 000001
DATABUS@dir1             cstackCOMRAM 000004
DATABUS@x                cstackCOMRAM 000005
DATABUS_DIR@dir          cstackCOMRAM 000001
LM629_init@x             cstackCOMRAM 000009
_ADCON0                  (abs)        000FC2
_ADCON1                  (abs)        000FC1
_ANSELA                  (abs)        000F38
_ANSELB                  (abs)        000F39
_ANSELC                  (abs)        000F3A
_ANSELD                  (abs)        000F3B
_ANSELE                  (abs)        000F3C
_CM1CON0                 (abs)        000F79
_CM2CON0                 (abs)        000F78
_CTMUCONH                (abs)        000F45
_DATABUS                 text22       0002E4
_DATABUS_DIR             text21       001586
_GIE                     (abs)        007F97
_HLVDCON                 (abs)        000F9C
_INTCON                  (abs)        000FF2
_LM629_init              text15       00002A
_PEIE                    (abs)        007F96
_PORTAbits               (abs)        000F80
_PORTBbits               (abs)        000F81
_PORTCbits               (abs)        000F82
_PORTDbits               (abs)        000F83
_RCON                    (abs)        000FD0
_SPI_ISR                 intcode      000008
_SRCON0                  (abs)        000F47
_SSP1BUF                 (abs)        000FC9
_SSP1CON1                (abs)        000FC6
_SSP1CON1bits            (abs)        000FC6
_SSP1CON3                (abs)        000FCB
_SSP1IE                  (abs)        007CEB
_SSP1IF                  (abs)        007CF3
_SSP1STATbits            (abs)        000FC7
_SSP2CON1                (abs)        000F6C
_SSPIF                   (abs)        007CF3
_TRISA                   (abs)        000F92
_TRISAbits               (abs)        000F92
_TRISB                   (abs)        000F93
_TRISBbits               (abs)        000F93
_TRISC                   (abs)        000F94
_TRISCbits               (abs)        000F94
_TRISD                   (abs)        000F95
_TRISDbits               (abs)        000F95
_VREFCON0                (abs)        000F42
_VREFCON1                (abs)        000F41
__HRAM                   (abs)        000000
__Habs1                  abs1         000000
__Hbank0                 bank0        000000
__Hbank1                 bank1        000000
__Hbank10                bank10       000000
__Hbank11                bank11       000000
__Hbank12                bank12       000000
__Hbank13                bank13       000000
__Hbank14                bank14       000000
__Hbank15                bank15       000000
__Hbank2                 bank2        000000
__Hbank3                 bank3        000000
__Hbank4                 bank4        000000
__Hbank5                 bank5        000000
__Hbank6                 bank6        000000
__Hbank7                 bank7        000000
__Hbank8                 bank8        000000
__Hbank9                 bank9        000000
__Hbigbss                bigbss       000000
__Hbigdata               bigdata      000000
__Hbigram                bigram       000000
__Hbigsfr                bigsfr       000000
__Hbss                   bss          000000
__HbssCOMRAM             bssCOMRAM    000000
__Hcinit                 cinit        000000
__Hclrtext               clrtext      000000
__Hcomram                comram       000000
__Hconfig                config       30000E
__Hconst                 const        000000
__HcstackCOMRAM          cstackCOMRAM 000000
__Hdata                  data         000000
__Heeprom_data           eeprom_data  000000
__Hfarbss                farbss       000000
__Hfardata               fardata      000000
__Hheap                  heap         000000
__Hibigdata              ibigdata     000000
__Hidata                 idata        000000
__Hidloc                 idloc        200008
__Hifardata              ifardata     000000
__Hinit                  init         00002A
__Hintcode               intcode      000026
__Hintcode_body          intcode_body 000000
__Hintcodelo             intcodelo    000026
__Hintentry              intentry     000000
__Hintret                intret       000000
__Hintsave_regs          intsave_regs 000000
__Hirdata                irdata       000000
__Hmediumconst           mediumconst  000000
__HnvFARRAM              nvFARRAM     000000
__Hnvbit                 nvbit        000000
__Hnvrram                nvrram       000000
__Hparam                 rparam       000000
__Hpowerup               powerup      000026
__Hram                   ram          000000
__Hramtop                ramtop       001000
__Hrbit                  rbit         000000
__Hrbss                  rbss         000000
__Hrdata                 rdata        000000
__Hreset_vec             reset_vec    000004
__Hrparam                rparam       000000
__Hsfr                   sfr          000000
__Hsmallconst            smallconst   000000
__Hspace_0               (abs)        001726
__Hspace_1               (abs)        000010
__Hspace_2               (abs)        000000
__Hspace_4               (abs)        60000E
__Hstack                 stack        000000
__Hstruct                struct       000000
__Htemp                  temp         000010
__Htext                  text         000000
__Htext0                 text0        000000
__Htext1                 text1        000000
__Htext10                text10       000000
__Htext11                text11       000000
__Htext12                text12       000000
__Htext13                text13       000000
__Htext14                text14       000000
__Htext15                text15       000000
__Htext16                text16       000000
__Htext17                text17       000000
__Htext18                text18       000000
__Htext19                text19       000000
__Htext2                 text2        000000
__Htext20                text20       000000
__Htext21                text21       000000
__Htext22                text22       000000
__Htext23                text23       000000
__Htext3                 text3        000000
__Htext4                 text4        000000
__Htext5                 text5        000000
__Htext6                 text6        000000
__Htext7                 text7        000000
__Htext8                 text8        000000
__Htext9                 text9        000000
__LRAM                   (abs)        000001
__Labs1                  abs1         000000
__Lbank0                 bank0        000000
__Lbank1                 bank1        000000
__Lbank10                bank10       000000
__Lbank11                bank11       000000
__Lbank12                bank12       000000
__Lbank13                bank13       000000
__Lbank14                bank14       000000
__Lbank15                bank15       000000
__Lbank2                 bank2        000000
__Lbank3                 bank3        000000
__Lbank4                 bank4        000000
__Lbank5                 bank5        000000
__Lbank6                 bank6        000000
__Lbank7                 bank7        000000
__Lbank8                 bank8        000000
__Lbank9                 bank9        000000
__Lbigbss                bigbss       000000
__Lbigdata               bigdata      000000
__Lbigram                bigram       000000
__Lbigsfr                bigsfr       000000
__Lbss                   bss          000000
__LbssCOMRAM             bssCOMRAM    000000
__Lcinit                 cinit        000000
__Lclrtext               clrtext      000000
__Lcomram                comram       000000
__Lconfig                config       000000
__Lconst                 const        000000
__LcstackCOMRAM          cstackCOMRAM 000000
__Ldata                  data         000000
__Leeprom_data           eeprom_data  000000
__Lfarbss                farbss       000000
__Lfardata               fardata      000000
__Lheap                  heap         000000
__Libigdata              ibigdata     000000
__Lidata                 idata        000000
__Lidloc                 idloc        000000
__Lifardata              ifardata     000000
__Linit                  init         000026
__Lintcode               intcode      000008
__Lintcode_body          intcode_body 000000
__Lintcodelo             intcodelo    000026
__Lintentry              intentry     000000
__Lintret                intret       000000
__Lintsave_regs          intsave_regs 000000
__Lirdata                irdata       000000
__Lmediumconst           mediumconst  000000
__LnvFARRAM              nvFARRAM     000000
__Lnvbit                 nvbit        000000
__Lnvrram                nvrram       000000
__Lparam                 rparam       000000
__Lpowerup               powerup      000026
__Lram                   ram          000000
__Lramtop                ramtop       001000
__Lrbit                  rbit         000000
__Lrbss                  rbss         000000
__Lrdata                 rdata        000000
__Lreset_vec             reset_vec    000000
__Lrparam                rparam       000000
__Lsfr                   sfr          000000
__Lsmallconst            smallconst   000000
__Lspace_0               (abs)        000000
__Lspace_1               (abs)        000000
__Lspace_2               (abs)        000000
__Lspace_4               (abs)        000000
__Lstack                 stack        000000
__Lstruct                struct       000000
__Ltemp                  temp         00000F
__Ltext                  text         000000
__Ltext0                 text0        000000
__Ltext1                 text1        000000
__Ltext10                text10       000000
__Ltext11                text11       000000
__Ltext12                text12       000000
__Ltext13                text13       000000
__Ltext14                text14       000000
__Ltext15                text15       000000
__Ltext16                text16       000000
__Ltext17                text17       000000
__Ltext18                text18       000000
__Ltext19                text19       000000
__Ltext2                 text2        000000
__Ltext20                text20       000000
__Ltext21                text21       000000
__Ltext22                text22       000000
__Ltext23                text23       000000
__Ltext3                 text3        000000
__Ltext4                 text4        000000
__Ltext5                 text5        000000
__Ltext6                 text6        000000
__Ltext7                 text7        000000
__Ltext8                 text8        000000
__Ltext9                 text9        000000
__S0                     (abs)        001726
__S1                     (abs)        000010
__S4                     (abs)        000000
__S5                     (abs)        000000
___heap_hi               (abs)        000000
___heap_lo               (abs)        000000
___inthi_sp              stack        000000
___intlo_sp              stack        000000
___param_bank            (abs)        000000
___rparam_used           (abs)        000001
___sp                    stack        000000
__accesstop              (abs)        000060
__activetblptr           (abs)        000000
__end_of_DATABUS         text22       0004D4
__end_of_DATABUS_DIR     text21       0015C6
__end_of_LM629_init      text15       0002E4
__end_of_SPI_ISR         intcode      000026
__end_of__initialization cinit        001714
__end_of_all_break       text13       0016B4
__end_of_all_off         text11       00168A
__end_of_check_busy      text19       001712
__end_of_chip_select     text23       0014CE
__end_of_filter_module   text16       00152A
__end_of_forward         text10       0012A4
__end_of_forward_left    text9        0010EA
__end_of_forward_right   text8        000F30
__end_of_left            text7        000D76
__end_of_main            text0        001446
__end_of_motor_break     text14       0016FC
__end_of_motor_off       text12       0016D8
__end_of_read_status     text20       001634
__end_of_reverse         text6        000BBC
__end_of_reverse_left    text5        000A02
__end_of_reverse_right   text4        000848
__end_of_right           text3        00068E
__end_of_spi_data        text2        001726
__end_of_spi_slave_init  text1        001660
__end_of_write_command   text18       0015FE
__end_of_write_data      text17       001586
__initialization         cinit        001712
__mediumconst            mediumconst  000000
__pbssCOMRAM             bssCOMRAM    00000E
__pcinit                 cinit        001712
__pcstackCOMRAM          cstackCOMRAM 000001
__pintcode               intcode      000008
__ptext0                 text0        0012A4
__ptext1                 text1        001634
__ptext10                text10       0010EA
__ptext11                text11       001660
__ptext12                text12       0016B4
__ptext13                text13       00168A
__ptext14                text14       0016D8
__ptext15                text15       00002A
__ptext16                text16       0014CE
__ptext17                text17       00152A
__ptext18                text18       0015C6
__ptext19                text19       0016FC
__ptext2                 text2        00171E
__ptext20                text20       0015FE
__ptext21                text21       001586
__ptext22                text22       0002E4
__ptext23                text23       001446
__ptext3                 text3        0004D4
__ptext4                 text4        00068E
__ptext5                 text5        000848
__ptext6                 text6        000A02
__ptext7                 text7        000BBC
__ptext8                 text8        000D76
__ptext9                 text9        000F30
__ramtop                 ramtop       001000
__smallconst             smallconst   000000
_all_break               text13       00168A
_all_off                 text11       001660
_check_busy              text19       0016FC
_chip_select             text23       001446
_filter_module           text16       0014CE
_forward                 text10       0010EA
_forward_left            text9        000F30
_forward_right           text8        000D76
_left                    text7        000BBC
_main                    text0        0012A4
_motor_break             text14       0016D8
_motor_off               text12       0016B4
_read_status             text20       0015FE
_reverse                 text6        000A02
_reverse_left            text5        000848
_reverse_right           text4        00068E
_right                   text3        0004D4
_spi_data                text2        00171E
_spi_read_data           bssCOMRAM    00000E
_spi_slave_init          text1        001634
_write_command           text18       0015C6
_write_data              text17       00152A
btemp                    temp         00000F
check_busy@x             cstackCOMRAM 000007
chip_select@chip         cstackCOMRAM 000001
end_of_initialization    cinit        001714
int$flags                temp         00000F
intlevel0                text         000000
intlevel1                text         000000
intlevel2                text         000000
intlevel3                text         000000
isa$std                  (abs)        000001
isa$xinst                (abs)        000000
main@dummy_data          cstackCOMRAM 00000C
main@received_data       cstackCOMRAM 00000D
read_status@status       cstackCOMRAM 000006
spi_data@tx_data         cstackCOMRAM 000001
stackhi                  (abs)        000000
stacklo                  (abs)        000000
start                    init         000026
start_initialization     cinit        001712
ttemp5                   temp         000010
ttemp6                   temp         000013
ttemp7                   temp         000017
write_command@command    cstackCOMRAM 000006
write_data@byte1         cstackCOMRAM 000007
write_data@byte2         cstackCOMRAM 000006
wtemp8                   temp         000010


MODULE INFORMATION

Module		Function		Class		Link	Load	Size
lm629.c
		_reverse_right 		CODE           	068E	0000	442
		_DATABUS       		CODE           	02E4	0000	496
		_DATABUS_DIR   		CODE           	1586	0000	64
		_filter_module 		CODE           	14CE	0000	92
		_write_data    		CODE           	152A	0000	92
		_forward       		CODE           	10EA	0000	442
		_forward_left  		CODE           	0F30	0000	442
		_forward_right 		CODE           	0D76	0000	442
		_write_command 		CODE           	15C6	0000	56
		_all_off       		CODE           	1660	0000	42
		_check_busy    		CODE           	16FC	0000	22
		_left          		CODE           	0BBC	0000	442
		_all_break     		CODE           	168A	0000	42
		_motor_off     		CODE           	16B4	0000	36
		_right         		CODE           	04D4	0000	442
		_reverse       		CODE           	0A02	0000	442
		_LM629_init    		CODE           	002A	0000	698
		_motor_break   		CODE           	16D8	0000	36
		_chip_select   		CODE           	1446	0000	136
		_reverse_left  		CODE           	0848	0000	442
		_read_status   		CODE           	15FE	0000	54

lm629.c estimated size: 5402

spi.c
		_spi_slave_init		CODE           	1634	0000	44
		_SPI_ISR       		CODE           	0008	0000	30
		_spi_data      		CODE           	171E	0000	8

spi.c estimated size: 82

shared
		__initialization		CODE           	1712	0000	2

shared estimated size: 2

main.c
		_main          		CODE           	12A4	0000	418

main.c estimated size: 418

