Microchip MPLAB XC8 Compiler V2.36

Linker command line:

-W-3 --edf=C:\Program Files\Microchip\xc8\v2.36\pic\dat\en_msgs.txt -cn \
  -h+dist/default/production\signal_distribution_board.production.sym \
  --cmf=dist/default/production\signal_distribution_board.production.cmf -z \
  -Q18F46K22 -oC:\Users\eder0\AppData\Local\Temp\xcAsl6g.4 \
  --defsym=__MPLAB_BUILD=1 \
  -Mdist/default/production/signal_distribution_board.production.map \
  --md=C:\Users\eder0\AppData\Local\Temp\xcAsl6g.dat -E1 -ver=XC8 Compiler \
  --acfsm=1493 -ACODE=00h-0FFFFh -ACONST=00h-0FFFFh \
  -ASMALLCONST=01000h-010FFhx240 -AMEDIUMCONST=01000h-0FFFFh \
  -ACOMRAM=01h-05Fh -AABS1=00h-0F37h -ABIGRAM=01h-0F37h \
  -ARAM=060h-0FFh,0100h-01FFhx14,0F00h-0F37h -ABANK0=060h-0FFh \
  -ABANK1=0100h-01FFh -ABANK2=0200h-02FFh -ABANK3=0300h-03FFh \
  -ABANK4=0400h-04FFh -ABANK5=0500h-05FFh -ABANK6=0600h-06FFh \
  -ABANK7=0700h-07FFh -ABANK8=0800h-08FFh -ABANK9=0900h-09FFh \
  -ABANK10=0A00h-0AFFh -ABANK11=0B00h-0BFFh -ABANK12=0C00h-0CFFh \
  -ABANK13=0D00h-0DFFh -ABANK14=0E00h-0EFFh -ABANK15=0F00h-0F37h \
  -ASFR=0F38h-0F5Fh,0F60h-0FFFh -ABIGSFR=0F38h-0FFFh \
  -ACONFIG=0300000h-030000Dh -AIDLOC=0200000h-0200007h \
  -AEEDATA=0F00000h-0F003FFh -peeprom_data=EEDATA \
  -preset_vec=00h,intcode=08h,intcodelo,powerup,init -pramtop=01000h \
  -psmallconst=SMALLCONST -pmediumconst=MEDIUMCONST -pconst=CONST \
  -AFARRAM=00h-00h \
  -prdata=COMRAM,nvrram=COMRAM,nvbit=COMRAM,rbss=COMRAM,rbit=COMRAM \
  -pfarbss=FARRAM,fardata=FARRAM,nvFARRAM=FARRAM \
  -pintsave_regs=BIGRAM,bigbss=BIGRAM,bigdata=BIGRAM -pbss=RAM \
  -pidata=CODE,irdata=CODE,ibigdata=CODE,ifardata=CODE -prparam=COMRAM \
  C:\Users\eder0\AppData\Local\Temp\xcAsl6g.o \
  dist/default/production\signal_distribution_board.production.o 

Object code version is 3.11

Machine type is 18F46K22



                Name                               Link     Load   Length Selector   Space Scale
C:\Users\eder0\AppData\Local\Temp\xcAsl6g.o
                idloc                            200000   200000        8        0       5
                config                           300000   300000        E        0       4
                init                                 36       36        4        4       0
                reset_vec                             0        0        4        0       0
dist/default/production\signal_distribution_board.production.o
                intcode                               8        8       2E        4       0
                idloc                            200000   200000        8        0       5
                config                           300000   300000        E        0       4
                temp                                 58       58        1        1       1
                text11                              52E      52E        6      20F       0
                text10                              528      528        6      20F       0
                text9                               4AE      4AE       28      20F       0
                text8                               458      458       2E      20F       0
                text7                               486      486       28      20F       0
                text6                               4FA      4FA       18      20F       0
                text5                               25A      25A       C2        4       0
                text4                               4D6      4D6       24      20F       0
                text3                               184      184       D6        4       0
                text2                               512      512       16      20F       0
                text1                               41E      41E       3A      20F       0
                text0                                3A       3A      14A        4       0
                cstackCOMRAM                         42       42        F        1       1
                dataBANK0                            60       60       66       60       1
                dataCOMRAM                            1        1       41        1       1
                bssCOMRAM                            51       51        7        1       1
                cinit                               382      382       5A        4       0
                idataBANK0                          31C      31C       66        4       0
                idataCOMRAM                         3DC      3DC       41        4       0

TOTAL           Name                               Link     Load   Length     Space
        CLASS   CODE           
                intcode                               8        8       2E         0
                init                                 36       36        4         0
                reset_vec                             0        0        4         0
                text11                              52E      52E        6         0
                text10                              528      528        6         0
                text9                               4AE      4AE       28         0
                text8                               458      458       2E         0
                text7                               486      486       28         0
                text6                               4FA      4FA       18         0
                text5                               25A      25A       C2         0
                text4                               4D6      4D6       24         0
                text3                               184      184       D6         0
                text2                               512      512       16         0
                text1                               41E      41E       3A         0
                text0                                3A       3A      14A         0
                cinit                               382      382       5A         0
                idataBANK0                          31C      31C       66         0
                idataCOMRAM                         3DC      3DC       41         0

        CLASS   CONST          

        CLASS   SMALLCONST     

        CLASS   MEDIUMCONST    

        CLASS   COMRAM         
                temp                                 58       58        1         1
                cstackCOMRAM                         42       42        F         1
                dataCOMRAM                            1        1       41         1
                bssCOMRAM                            51       51        7         1

        CLASS   ABS1           

        CLASS   BIGRAM         

        CLASS   RAM            

        CLASS   BANK0          
                dataBANK0                            60       60       66         1

        CLASS   BANK1          

        CLASS   BANK2          

        CLASS   BANK3          

        CLASS   BANK4          

        CLASS   BANK5          

        CLASS   BANK6          

        CLASS   BANK7          

        CLASS   BANK8          

        CLASS   BANK9          

        CLASS   BANK10         

        CLASS   BANK11         

        CLASS   BANK12         

        CLASS   BANK13         

        CLASS   BANK14         

        CLASS   BANK15         

        CLASS   SFR            

        CLASS   BIGSFR         

        CLASS   CONFIG         
                config                           300000   300000        E         4

        CLASS   IDLOC          
                idloc                            200000   200000        8         5

        CLASS   EEDATA         

        CLASS   FARRAM         

        CLASS   HEAP           

        CLASS   STACK          



SEGMENTS        Name                           Load    Length   Top    Selector   Space  Class

                reset_vec                      000000  000004  000004         0       0  CODE    
                dataCOMRAM                     000001  000058  000059         1       1  COMRAM  
                intcode                        000008  000415  00041D         4       0  CODE    
                dataBANK0                      000060  000066  0000C6        60       1  BANK0   
                text1                          00041E  000116  000534       20F       0  CODE    


UNUSED ADDRESS RANGES

        Name                Unused          Largest block    Delta
        BANK0            0000C6-0000FF               3A
        BANK1            000100-0001FF              100
        BANK10           000A00-000AFF              100
        BANK11           000B00-000BFF              100
        BANK12           000C00-000CFF              100
        BANK13           000D00-000DFF              100
        BANK14           000E00-000EFF              100
        BANK15           000F00-000F37               38
        BANK2            000200-0002FF              100
        BANK3            000300-0003FF              100
        BANK4            000400-0004FF              100
        BANK5            000500-0005FF              100
        BANK6            000600-0006FF              100
        BANK7            000700-0007FF              100
        BANK8            000800-0008FF              100
        BANK9            000900-0009FF              100
        BIGRAM           000059-00005F                7
                         0000C6-000F37              E72
        BIGSFR           000F38-000FFF               C8
        CODE             000004-000007                4
                         00041D-00041D                1
                         000534-00FFFF             FACC
        COMRAM           000059-00005F                7
        CONST            000004-000007                4
                         00041D-00041D                1
                         000534-00FFFF             FACC
        EEDATA           F00000-F003FF              400
        MEDIUMCONST      001000-00FFFF             F000
        RAM              0000C6-000F37              100
        SFR              000F38-000FFF               28
        SMALLCONST       001000-00FFFF              100

                                  Symbol Table

_ADCON0                      (abs)        000FC2
_ANSELA                      (abs)        000F38
_ANSELB                      (abs)        000F39
_ANSELC                      (abs)        000F3A
_ANSELD                      (abs)        000F3B
_ANSELE                      (abs)        000F3C
_BAUDCON1bits                (abs)        000FB8
_BAUDCON2bits                (abs)        000F70
_CM1CON0bits                 (abs)        000F79
_CM2CON0bits                 (abs)        000F78
_INTCON                      (abs)        000FF2
_IPEN                        (abs)        007E87
_LATA                        (abs)        000F89
_LATAbits                    (abs)        000F89
_LATBbits                    (abs)        000F8A
_LATD                        (abs)        000F8C
_PIE1bits                    (abs)        000F9D
_PIR1bits                    (abs)        000F9E
_PIR3bits                    (abs)        000FA4
_RCREG1                      (abs)        000FAE
_RCSTA1bits                  (abs)        000FAB
_RCSTA2bits                  (abs)        000F71
_SPBRG1                      (abs)        000FAF
_SPBRG2                      (abs)        000F75
_SPBRGH1                     (abs)        000FB0
_SPBRGH2                     (abs)        000F76
_SSP1BUF                     (abs)        000FC9
_SSP1CON1                    (abs)        000FC6
_SSP1STAT                    (abs)        000FC7
_SSP1STATbits                (abs)        000FC7
_T1CONbits                   (abs)        000FCD
_TIMER1_ISR                  intcode      000008
_TMR1H                       (abs)        000FCF
_TMR1L                       (abs)        000FCE
_TRISAbits                   (abs)        000F92
_TRISBbits                   (abs)        000F93
_TRISCbits                   (abs)        000F94
_TRISD                       (abs)        000F95
_TRISDbits                   (abs)        000F95
_TXREG1                      (abs)        000FAD
_TXREG2                      (abs)        000F73
_TXSTA1bits                  (abs)        000FAC
_TXSTA2bits                  (abs)        000F72
__HRAM                       (abs)        000000
__Habs1                      abs1         000000
__Hbank0                     bank0        000000
__Hbank1                     bank1        000000
__Hbank10                    bank10       000000
__Hbank11                    bank11       000000
__Hbank12                    bank12       000000
__Hbank13                    bank13       000000
__Hbank14                    bank14       000000
__Hbank15                    bank15       000000
__Hbank2                     bank2        000000
__Hbank3                     bank3        000000
__Hbank4                     bank4        000000
__Hbank5                     bank5        000000
__Hbank6                     bank6        000000
__Hbank7                     bank7        000000
__Hbank8                     bank8        000000
__Hbank9                     bank9        000000
__Hbigbss                    bigbss       000000
__Hbigdata                   bigdata      000000
__Hbigram                    bigram       000000
__Hbigsfr                    bigsfr       000000
__Hbss                       bss          000000
__HbssCOMRAM                 bssCOMRAM    000000
__Hcinit                     cinit        000000
__Hclrtext                   clrtext      000000
__Hcomram                    comram       000000
__Hconfig                    config       30000E
__Hconst                     const        000000
__HcstackCOMRAM              cstackCOMRAM 000000
__Hdata                      data         000000
__HdataBANK0                 dataBANK0    000000
__HdataCOMRAM                dataCOMRAM   000000
__Heeprom_data               eeprom_data  000000
__Hfarbss                    farbss       000000
__Hfardata                   fardata      000000
__Hheap                      heap         000000
__Hibigdata                  ibigdata     000000
__Hidata                     idata        000000
__HidataBANK0                idataBANK0   000000
__HidataCOMRAM               idataCOMRAM  000000
__Hidloc                     idloc        200008
__Hifardata                  ifardata     000000
__Hinit                      init         00003A
__Hintcode                   intcode      000036
__Hintcode_body              intcode_body 000000
__Hintcodelo                 intcodelo    000036
__Hintentry                  intentry     000000
__Hintret                    intret       000000
__Hintsave_regs              intsave_regs 000000
__Hirdata                    irdata       000000
__Hmediumconst               mediumconst  000000
__HnvFARRAM                  nvFARRAM     000000
__Hnvbit                     nvbit        000000
__Hnvrram                    nvrram       000000
__Hparam                     rparam       000000
__Hpowerup                   powerup      000036
__Hram                       ram          000000
__Hramtop                    ramtop       001000
__Hrbit                      rbit         000000
__Hrbss                      rbss         000000
__Hrdata                     rdata        000000
__Hreset_vec                 reset_vec    000004
__Hrparam                    rparam       000000
__Hsfr                       sfr          000000
__Hsmallconst                smallconst   000000
__Hspace_0                   (abs)        001000
__Hspace_1                   (abs)        0000C6
__Hspace_2                   (abs)        000000
__Hspace_4                   (abs)        60000E
__Hstack                     stack        000000
__Hstruct                    struct       000000
__Htemp                      temp         000059
__Htext                      text         000000
__Htext0                     text0        000000
__Htext1                     text1        000000
__Htext10                    text10       000000
__Htext11                    text11       000000
__Htext2                     text2        000000
__Htext3                     text3        000000
__Htext4                     text4        000000
__Htext5                     text5        000000
__Htext6                     text6        000000
__Htext7                     text7        000000
__Htext8                     text8        000000
__Htext9                     text9        000000
__LRAM                       (abs)        000001
__Labs1                      abs1         000000
__Lbank0                     bank0        000000
__Lbank1                     bank1        000000
__Lbank10                    bank10       000000
__Lbank11                    bank11       000000
__Lbank12                    bank12       000000
__Lbank13                    bank13       000000
__Lbank14                    bank14       000000
__Lbank15                    bank15       000000
__Lbank2                     bank2        000000
__Lbank3                     bank3        000000
__Lbank4                     bank4        000000
__Lbank5                     bank5        000000
__Lbank6                     bank6        000000
__Lbank7                     bank7        000000
__Lbank8                     bank8        000000
__Lbank9                     bank9        000000
__Lbigbss                    bigbss       000000
__Lbigdata                   bigdata      000000
__Lbigram                    bigram       000000
__Lbigsfr                    bigsfr       000000
__Lbss                       bss          000000
__LbssCOMRAM                 bssCOMRAM    000000
__Lcinit                     cinit        000000
__Lclrtext                   clrtext      000000
__Lcomram                    comram       000000
__Lconfig                    config       000000
__Lconst                     const        000000
__LcstackCOMRAM              cstackCOMRAM 000000
__Ldata                      data         000000
__LdataBANK0                 dataBANK0    000000
__LdataCOMRAM                dataCOMRAM   000000
__Leeprom_data               eeprom_data  000000
__Lfarbss                    farbss       000000
__Lfardata                   fardata      000000
__Lheap                      heap         000000
__Libigdata                  ibigdata     000000
__Lidata                     idata        000000
__LidataBANK0                idataBANK0   000000
__LidataCOMRAM               idataCOMRAM  000000
__Lidloc                     idloc        000000
__Lifardata                  ifardata     000000
__Linit                      init         000036
__Lintcode                   intcode      000008
__Lintcode_body              intcode_body 000000
__Lintcodelo                 intcodelo    000036
__Lintentry                  intentry     000000
__Lintret                    intret       000000
__Lintsave_regs              intsave_regs 000000
__Lirdata                    irdata       000000
__Lmediumconst               mediumconst  000000
__LnvFARRAM                  nvFARRAM     000000
__Lnvbit                     nvbit        000000
__Lnvrram                    nvrram       000000
__Lparam                     rparam       000000
__Lpowerup                   powerup      000036
__Lram                       ram          000000
__Lramtop                    ramtop       001000
__Lrbit                      rbit         000000
__Lrbss                      rbss         000000
__Lrdata                     rdata        000000
__Lreset_vec                 reset_vec    000000
__Lrparam                    rparam       000000
__Lsfr                       sfr          000000
__Lsmallconst                smallconst   000000
__Lspace_0                   (abs)        000000
__Lspace_1                   (abs)        000000
__Lspace_2                   (abs)        000000
__Lspace_4                   (abs)        000000
__Lstack                     stack        000000
__Lstruct                    struct       000000
__Ltemp                      temp         000058
__Ltext                      text         000000
__Ltext0                     text0        000000
__Ltext1                     text1        000000
__Ltext10                    text10       000000
__Ltext11                    text11       000000
__Ltext2                     text2        000000
__Ltext3                     text3        000000
__Ltext4                     text4        000000
__Ltext5                     text5        000000
__Ltext6                     text6        000000
__Ltext7                     text7        000000
__Ltext8                     text8        000000
__Ltext9                     text9        000000
__S0                         (abs)        000534
__S1                         (abs)        0000C6
__S4                         (abs)        000000
__S5                         (abs)        000000
___heap_hi                   (abs)        000000
___heap_lo                   (abs)        000000
___inthi_sp                  stack        000000
___intlo_sp                  stack        000000
___param_bank                (abs)        000000
___rparam_used               (abs)        000001
___sp                        stack        000000
__accesstop                  (abs)        000060
__activetblptr               (abs)        000002
__end_of_TIMER1_ISR          intcode      000036
__end_of__initialization     cinit        0003CE
__end_of_debug_leds_off      text10       00052E
__end_of_debug_leds_on       text11       000534
__end_of_gpio_init           text8        000486
__end_of_high_beams_off      text9        0004D6
__end_of_high_beams_on       text7        0004AE
__end_of_main                text0        000184
__end_of_rx1                 text6        000512
__end_of_spi_data            text5        00031C
__end_of_spi_master_init     text4        0004FA
__end_of_timer1_init         text3        00025A
__end_of_tx2                 text2        000528
__end_of_uart_init           text1        000458
__initialization             cinit        000382
__mediumconst                mediumconst  000000
__pbssCOMRAM                 bssCOMRAM    000051
__pcinit                     cinit        000382
__pcstackCOMRAM              cstackCOMRAM 000042
__pdataBANK0                 dataBANK0    000060
__pdataCOMRAM                dataCOMRAM   000001
__pidataBANK0                idataBANK0   00031C
__pidataCOMRAM               idataCOMRAM  0003DC
__pintcode                   intcode      000008
__ptext0                     text0        00003A
__ptext1                     text1        00041E
__ptext10                    text10       000528
__ptext11                    text11       00052E
__ptext2                     text2        000512
__ptext3                     text3        000184
__ptext4                     text4        0004D6
__ptext5                     text5        00025A
__ptext6                     text6        0004FA
__ptext7                     text7        000486
__ptext8                     text8        000458
__ptext9                     text9        0004AE
__ramtop                     ramtop       001000
__smallconst                 smallconst   000000
_current_command             bssCOMRAM    000057
_debug_leds_off              text10       000528
_debug_leds_on               text11       00052E
_glitch_watchdog_counter     bssCOMRAM    000053
_gpio_init                   text8        000458
_high_beams_off              text9        0004AE
_high_beams_on               text7        000486
_instructions1               dataBANK0    000060
_instructions2               dataCOMRAM   000001
_instructions3               dataBANK0    000096
_main                        text0        00003A
_new_frame                   bssCOMRAM    000055
_previous_command            bssCOMRAM    000056
_rx1                         text6        0004FA
_spi_data                    text5        00025A
_spi_master_init             text4        0004D6
_text1                       dataCOMRAM   000030
_tick_counter                bssCOMRAM    000051
_ticks_per_frame             dataCOMRAM   000040
_timer1_init                 text3        000184
_tx2                         text2        000512
_uart_init                   text1        00041E
btemp                        temp         000058
end_of_initialization        cinit        0003CE
int$flags                    temp         000058
intlevel0                    text         000000
intlevel1                    text         000000
intlevel2                    text         000000
intlevel3                    text         000000
isa$std                      (abs)        000001
isa$xinst                    (abs)        000000
main@forwarded_command       cstackCOMRAM 000050
rx1@x                        cstackCOMRAM 000042
spi_data@data_read           cstackCOMRAM 000043
spi_data@device              cstackCOMRAM 000044
spi_data@tx_data             cstackCOMRAM 000042
stackhi                      (abs)        000000
stacklo                      (abs)        000000
start                        init         000036
start_initialization         cinit        000382
timer1_init@cnts_to_overflow cstackCOMRAM 000042
timer1_init@prescaler        cstackCOMRAM 000044
timer1_init@timer1_reg       cstackCOMRAM 00004B
timer1_init@timer1_reg_h     cstackCOMRAM 00004A
timer1_init@timer1_reg_l     cstackCOMRAM 00004D
ttemp5                       temp         000059
ttemp6                       temp         00005C
ttemp7                       temp         000060
tx2@data2                    cstackCOMRAM 000042
wtemp8                       temp         000059


MODULE INFORMATION

Module		Function		Class		Link	Load	Size
uart.c
		_tx2           		CODE           	0512	0000	22
		_uart_init     		CODE           	041E	0000	58
		_rx1           		CODE           	04FA	0000	24

uart.c estimated size: 104

spi_master.c
		_spi_master_init		CODE           	04D6	0000	36
		_spi_data      		CODE           	025A	0000	194

spi_master.c estimated size: 230

shared
		__initialization		CODE           	0382	0000	76

shared estimated size: 76

gpio.c
		_debug_leds_on 		CODE           	052E	0000	6
		_high_beams_on 		CODE           	0486	0000	40
		_debug_leds_off		CODE           	0528	0000	6
		_high_beams_off		CODE           	04AE	0000	40
		_gpio_init     		CODE           	0458	0000	46

gpio.c estimated size: 138

timer1.c
		_TIMER1_ISR    		CODE           	0008	0000	46
		_timer1_init   		CODE           	0184	0000	214

timer1.c estimated size: 260

main.c
		_main          		CODE           	003A	0000	330

main.c estimated size: 330

